c:\users\luis\appdata\local\temp\
general.fxp
funciones.fxp
vcx\
pellib.vcx
pellib.vct
config.fxp
interficie.fxp
errorwe.fxp
general.mpx
scx\
pidefecha.scx
pidefecha.sct
bmp\
wztop.bmp
wzback.bmp
wznext.bmp
wzend.bmp
wznew.bmp
wzdelete.bmp
wzsave.bmp
wzundo.bmp
wzprint.bmp
wzclose.bmp
articulos.scx
articulos.sct
clientes.scx
clientes.sct
proveedor.scx
proveedor.sct
empleados.scx
empleados.sct
familia1.scx
familia1.sct
impart.scx
impart.sct
impcli.scx
impcli.sct
imppro.scx
imppro.sct
impemp.scx
impemp.sct
impfam.scx
impfam.sct
impfac.scx
impfac.sct
impdiaven.scx
impdiaven.sct
impvenart.scx
impvenart.sct
impvencli.scx
impvencli.sct
impvenrep.scx
impvenrep.sct
pedpro.scx
pedpro.sct
albpro.scx
albpro.sct
imppedp.scx
imppedp.sct
impalbp.scx
impalbp.sct
impcomped.scx
impcomped.sct
imppedxp.scx
imppedxp.sct
impcomalb.scx
impcomalb.sct
impalbxp.scx
impalbxp.sct
camejeser.scx
camejeser.sct
inventario.scx
inventario.sct
numreg.scx
numreg.sct
indexar.scx
indexar.sct
config.scx
config.sct
minifox.scx
minifox.sct
busca.bmp
tb_del.bmp
confac.scx
confac.sct
conpedp.scx
conpedp.sct
conalbp.scx
conalbp.sct
impinv.scx
impinv.sct
tb_print.bmp
_therm.vcx
_therm.vct
tb_sal.bmp
informes.mpx
demo.scx
demo.sct
clases.fxp
forpag.scx
forpag.sct
carcli.scx
carcli.sct
bancos.scx
bancos.sct
impcarcli.scx
impcarcli.sct
impcob.scx
impcob.sct
calendario.scx
calendario.sct
logo.bmp
barra.jpg
plus.bmp
refresh.bmp
cerrar.fxp
preview.bmp
modify.bmp
msoexp.vcx
msoexp.vct
enviadoc.vcx
enviadoc.vct
mailing2.bmp
word.bmp
password.scx
password.sct
chgpass.scx
chgpass.sct
wzedit.bmp
enviomail.scx
enviomail.sct
cargartablas.fxp
linfac.scx
linfac.sct
cierre.scx
cierre.sct
impcie.scx
impcie.sct
impticpruebas.scx
impticpruebas.sct
mancie.scx
mancie.sct
entsal.scx
entsal.sct
concie.scx
concie.sct
impmov.scx
impmov.sct
direc.bmp
closed.bmp
print2pdf.fxp
pdf1.gif
mail6.gif
clsheap.fxp
acercade.vcx
acercade.vct
acerca.scx
acerca.sct
utilidades.fxp
hlp.bmp
dunasoft.bmp
destinatarios.scx
destinatarios.sct
mailing.scx
mailing.sct
clip02.bmp
camarafotos.bmp
generadbc.fxp
kitadd.scx
kitadd.sct
agenda.vcx
agenda.vct
tb_nue.bmp
horario.scx
horario.sct
sinies2.bmp
copy.bmp
nuevaagenda.scx
nuevaagenda.sct
check.bmp
impage.scx
impage.sct
detallehora.scx
detallehora.sct
tiendas.scx
tiendas.sct
comunicaciones.scx
comunicaciones.sct
prg\
tactil.h
tactil.vcx
tactil.vct
escritorio.scx
escritorio.sct
_controls.vcx
_controls.vct
_base.vcx
_base.vct
saldos_tactil.scx
saldos_tactil.sct
calendario_tactil.scx
calendario_tactil.sct
linfac_tactil.scx
linfac_tactil.sct
cobrar_tactil.scx
cobrar_tactil.sct
setobjrf.fxp
wznew.msk
wzdelete.msk
wzsave.msk
wzprint.msk
wzedit.msk
remall.bmp
addall.bmp
coins00c.ico
minimizar.bmp
copias.ico
newuser.bmp
selecemp.ico
wzlocate.bmp
cashb01g.ico
entsalcaja.bmp
mensual.bmp
group.ico
empleados_tactil.scx
empleados_tactil.sct
207.ico
204.ico
camara.bmp
208.ico
198.ico
efectivo2.ico
196.ico
206.ico
modlin_tactil.scx
modlin_tactil.sct
importe_tactil.scx
importe_tactil.sct
barras_tactil.scx
barras_tactil.sct
fotos_tactil.scx
fotos_tactil.sct
teclado_tactil.scx
teclado_tactil.sct
seguridad.fxp
seguridad.vcx
seguridad.vct
series.scx
series.sct
login.scx
login.sct
usuarios.scx
usuarios.sct
grupos.scx
grupos.sct
impgru.scx
impgru.sct
impusu.scx
impusu.sct
impser.scx
impser.sct
permisos.scx
permisos.sct
user.ico
codigoart.scx
codigoart.sct
codigocli.scx
codigocli.sct
codigopro.scx
codigopro.sct
cancel.bmp
traspasar.scx
traspasar.sct
borrarserie.scx
borrarserie.sct
imp3000c.scx
imp3000c.sct
imp3000p.scx
imp3000p.sct
impivarep.scx
impivarep.sct
impivasop.scx
impivasop.sct
conceptos.scx
conceptos.sct
impcfac.scx
impcfac.sct
impvenanu.scx
impvenanu.sct
factura.vcx
factura.vct
facturar.ico
desfacturar.ico
camara.ico
top.ico
atras.ico
177.ico
bottom.ico
new.ico
dskette2.ico
147.ico
28.ico
24.ico
56.ico
mailing.ico
ok.bmp
filter.bmp
help.ico
reindex.ico
132.ico
wzup.bmp
wzdown.bmp
abonar.ico
entsalcaja.ico
agenda.ico
arqueos.ico
codbar.bmp
dto.ico
44.ico
seguridad.ico
216.ico
facpro.scx
facpro.sct
confacp.scx
confacp.sct
planificador.vcx
planificador.vct
planificador.scx
planificador.sct
menuplanificador.mpx
imppfac.scx
imppfac.sct
210.ico
fnegro.jpg
nuevoplanificador.scx
nuevoplanificador.sct
_datetime.vcx
_datetime.vct
fondocelda.gif
avpagh.bmp
repagh.bmp
repag.bmp
avpag.bmp
vernota.ico
paste.bmp
cut.bmp
generaltpv.mpx
front.bmp
topbmp.bmp
backbmp.bmp
nextbmp.bmp
bottombmp.bmp
winxpsetv4 icon 12.ico
impcomfac.scx
impcomfac.sct
impfacxp.scx
impfacxp.sct
deudas.scx
deudas.sct
deudas.ico
codpos.scx
codpos.sct
importarcodpos.scx
importarcodpos.sct
fotosmantenimientos.scx
fotosmantenimientos.sct
comisiones.scx
comisiones.sct
bonos.scx
bonos.sct
bonoscli.scx
bonoscli.sct
impbon.scx
impbon.sct
bonos_tactil.scx
bonos_tactil.sct
281.ico
new1.ico
2041.ico
bonos.ico
find.bmp
impetiart.scx
impetiart.sct
impboncli.scx
impboncli.sct
generalbar.mpx
mesa1.jpg
misc33.ico
bar.vcx
bar.vct
impmes.scx
impmes.sct
mesas.scx
mesas.sct
mesita.jpg
menutactil.mpx
detalleticket.scx
detalleticket.sct
impeticom.scx
impeticom.sct
impdiafam.scx
impdiafam.sct
actualizacion_post.fxp
tarifas.scx
tarifas.sct
impdiacom.scx
impdiacom.sct
access_xml.ico
excel.gif
plus.ico
clienteslopd.scx
clienteslopd.sct
implopd.scx
implopd.sct
btntop.bmp
btnatras.bmp
btnsiguiente.bmp
btnbottom.bmp
btnnuevo.bmp
btnborrar.bmp
btnguardar.bmp
btnundo.bmp
btnimprimir.bmp
btnsalir.bmp
btnayuda.bmp
btnvprevia.bmp
btnexcel.bmp
btnxml_access.bmp
btnpdf.bmp
btnmail.bmp
bmp\24x24\
bt_skip_bk1.png
bt_play1.png
bt_play2.png
bt_skip_sw1.png
documents.png
trash.png
save.png
undo.png
print.png
cancel.png
about.png
folder new.png
folder.png
refresh.png
zoom in.png
pictures.png
file_remove.png
add.png
print_preview.png
msaccess.ico
pdf_alt.png
copy.png
mail.png
apply.png
card machine.png
users.png
unlock.png
bt_ff2.png
bt_play3.png
bt_play4.png
bt_ff1.png
bt_ff3.png
bt_ff4.png
file_find.png
paste.png
cut.png
paleta.ico
duna-blanco.jpg
user.png
empleado2.jpg
importardatos.scx
importardatos.sct
carpro.scx
carpro.sct
impcarpro.scx
impcarpro.sct
imppla.scx
imppla.sct
impdiafamp.scx
impdiafamp.sct
impdiapfam.scx
impdiapfam.sct
registroactualizacion.scx
registroactualizacion.sct
festivos.scx
festivos.sct
empfest.scx
empfest.sct
puestos.scx
puestos.sct
imppuestos.scx
imppuestos.sct
impfacocom.scx
impfacocom.sct
impcompruebas.scx
impcompruebas.sct
cambioempleado.scx
cambioempleado.sct
cambiomesa.scx
cambiomesa.sct
articulospuesto.scx
articulospuesto.sct
produccion.scx
produccion.sct
cocina1.jpg
ball_green.png
impventipart.scx
impventipart.sct
ticket_tactil.scx
ticket_tactil.sct
ticketsmesa.scx
ticketsmesa.sct
impventipartd.scx
impventipartd.sct
mostrarcambio.scx
mostrarcambio.sct
plato1.jpg
exportarpda.scx
exportarpda.sct
calculator.png
computer.png
redo.png
traspasar2.scx
traspasar2.sct
impresdia.scx
impresdia.sct
baremos.scx
baremos.sct
impvenrep2.scx
impvenrep2.sct
menus.scx
menus.sct
empleado2o.jpg
impmenus.scx
impmenus.sct
48.ico
asociaciones.scx
asociaciones.sct
.\
duna.ico
logonombre.jpg
spavalles.gif
screen.vcx
screen.vct
screen.scx
screen.sct
detalle.scx
detalle.sct
mantenimiento1.gif
euro_1.jpg
ventas_compras.jpg
estadisticas.gif
candado1.gif
utilidades1.jpg
ayuda1.gif
app.png
top_banner.jpg
dunasoftpc.gif
ball_yellow.png
_menus.dbf
_menus.cdx
_hyperlink.vcx
_hyperlink.vct
dunasoft.ico
logonuevo.jpg
clienteslopd2.scx
clienteslopd2.sct
dunasoftb.jpg
textostraduccion.fxp
top_bannertpv.jpg
starbene1.jpg
starbene3.jpg
starbene2.jpg
dspc_starbene1.jpg
tierra2.ani
opcion.jpg
predefinidos.scx
predefinidos.sct
ticket_predef.scx
ticket_predef.sct
recursos.scx
recursos.sct
imprec.scx
imprec.sct
plan_recursos.scx
plan_recursos.sct
planificadorh.scx
planificadorh.sct
menuplanificadord.mpx
impplarec.scx
impplarec.sct
multicelda.png
profesores.scx
profesores.sct
alumnos.scx
alumnos.sct
cureje.scx
cureje.sct
concureje.scx
concureje.sct
impcur.scx
impcur.sct
impalu.scx
impalu.sct
impprof.scx
impprof.sct
impcureje.scx
impcureje.sct
curasi.scx
curasi.sct
impcurasi.scx
impcurasi.sct
selalumno.scx
selalumno.sct
motsal.scx
motsal.sct
impmotsal.scx
impmotsal.sct
motivos_tactil.scx
motivos_tactil.sct
controlpresencia.scx
controlpresencia.sct
manpres.scx
manpres.sct
impconpre.scx
impconpre.sct
alumno3.jpg
handshak.ico
contabilidad.scx
contabilidad.sct
pedirpvpdes.scx
pedirpvpdes.sct
estvenart.scx
estvenart.sct
estvencli.scx
estvencli.sct
idioma.scx
idioma.sct
vacio.mpx
msg.scx
msg.sct
vfpcalendartactil.vcx
vfpcalendartactil.vct
help.png
info.png
caldropdown.bmp
next1.bmp
previous.bmp
impdeudap.scx
impdeudap.sct
reports.scx
reports.sct
tipcli.scx
tipcli.sct
gastos_tactil.scx
gastos_tactil.sct
bookmark.png
search.png
file_delete.png
calendar.png
history.png
entsalcaja.png
deudas_cliente.png
bonos.png
bmp\_24x24\
cal_recursor.png
gasto_interno.png
congas.scx
congas.sct
lingas_tactil.scx
lingas_tactil.sct
impclilopd.scx
impclilopd.sct
estvenmen.scx
estvenmen.sct
procedencia.scx
procedencia.sct
impproce.scx
impproce.sct
tipmov.scx
tipmov.sct
imptipmov.scx
imptipmov.sct
http.vcx
http.vct
comunicaciones_factusol.scx
comunicaciones_factusol.sct
upload.png
enviosms.scx
enviosms.sct
destinatariossms.scx
destinatariossms.sct
impsms.scx
impsms.sct
asistente.scx
asistente.sct
persbbdd.scx
persbbdd.sct
wizard.png
chart.png
config1.bmp
empleadotpv2m.jpg
empleadotpvm.jpg
artmas.scx
artmas.sct
articulonuevo.scx
articulonuevo.sct
cbarrasadd.scx
cbarrasadd.sct
artfamsucursal.scx
artfamsucursal.sct
grualu.scx
grualu.sct
impgrualu.scx
impgrualu.sct
imptiendas.scx
imptiendas.sct
impvenalu.scx
impvenalu.sct
impconint.scx
impconint.sct
dividirticket.scx
dividirticket.sct
pedproesp.scx
pedproesp.sct
paint.png
logo_proveedor.bmp
planadd.scx
planadd.sct
estvenhora.scx
estvenhora.sct
shopping cart fullx.png
multiceldax.png
actualizacion_pre.fxp
conta.fxp
c_funciones.fxp
cargarconta.fxp
money.png
conta\scx\
c_nuevo_ejercicio.scx
c_nuevo_ejercicio.sct
generaconta.fxp
data.png
money1.png
pedproonline.scx
pedproonline.sct
impbondet.scx
impbondet.sct
impbonclidet.scx
impbonclidet.sct
_webview.vcx
_webview.vct
folder find.png
file_apply.png
facper.scx
facper.sct
emifacper.scx
emifacper.sct
impfacper.scx
impfacper.sct
confacper.scx
confacper.sct
comentarios.scx
comentarios.sct
impfper.scx
impfper.sct
conrem.scx
conrem.sct
imprem.scx
imprem.sct
mantremesas.scx
mantremesas.sct
datosremesa.scx
datosremesa.sct
remesas.vcx
remesas.vct
estclihab.scx
estclihab.sct
impclipeso.scx
impclipeso.sct
open.png
ponline_pro.scx
ponline_pro.sct
edadpeso.scx
edadpeso.sct
altpeso.scx
altpeso.sct
licencias.vcx
licencias.vct
progrespedproonline.scx
progrespedproonline.sct
star.png
presentacion.scx
presentacion.sct
registromodulos.scx
registromodulos.sct
objects.png
foxcharts.vcx
foxcharts.vct
system.h
gdiplusconstants.h
system.drawing.h
gdiplusx.vcx
gdiplusx.vct
graficos.vcx
graficos.vct
graficos.scx
graficos.sct
gravenempmes.scx
gravenempmes.sct
gravenmes.scx
gravenmes.sct
pidefechaforpag.scx
pidefechaforpag.sct
gracommes.scx
gracommes.sct
grabenmes.scx
grabenmes.sct
gravencomben.scx
gravencomben.sct
gravenpysmes.scx
gravenpysmes.sct
gravensexomes.scx
gravensexomes.sct
gravenfammes.scx
gravenfammes.sct
impconpreh.scx
impconpreh.sct
estclifac.scx
estclifac.sct
impclitra.scx
impclitra.sct
movimientos_tactil.scx
movimientos_tactil.sct
gravencomben2.scx
gravencomben2.sct
eliminartickets2009.fxp
efectivo.scx
efectivo.sct
euros_5_min.jpg
euros_200.jpg
euros_5.jpg
euros_10.jpg
euros_20.jpg
euros_50.jpg
euros_100.jpg
euros_500.jpg
common_1cent.gif
common_2cent.gif
common_5cent.gif
common_10cent.gif
common_20cent.gif
common_50cent.gif
common_1euro.gif
common_2euro.gif
tallasgru.scx
tallasgru.sct
tallas.scx
tallas.sct
colores.scx
colores.sct
tallasmod.scx
tallasmod.sct
impgas.scx
impgas.sct
tallacolor_tactil.scx
tallacolor_tactil.sct
imparttyc.scx
imparttyc.sct
favorits.png
galeria.scx
galeria.sct
gestion-dunasoft\gestion\vcx\
conta.vcx
conta.vct
download.png
top_bannerbar.jpg
plan2009.vcx
plan2009.vct
plan2009.scx
plan2009.sct
frm_plandia.scx
frm_plandia.sct
vfpcalendar.vcx
vfpcalendar.vct
plan2009_nueva_nota.scx
plan2009_nueva_nota.sct
empleadotpv.jpg
move_r.cur
size4_r.cur
notepad.png
file_cabcel.png
menuplanificador2009.mpx
plan2009_buscar_nota.scx
plan2009_buscar_nota.sct
impplan2009.scx
impplan2009.sct
frm_plansem.scx
frm_plansem.sct
copia de print.png
frm_planmen.scx
frm_planmen.sct
plan2009r.vcx
plan2009r.vct
plan2009_r.scx
plan2009_r.sct
frm_planmen_r.scx
frm_planmen_r.sct
frm_plandia_r.scx
frm_plandia_r.sct
frm_plansem_r.scx
frm_plansem_r.sct
impplan2009r.scx
impplan2009r.sct
employee.png
frm_plan_multi.scx
frm_plan_multi.sct
frm_multinotas.scx
frm_multinotas.sct
cascate.png
plansms.scx
plansms.sct
basic_dunasoft.vcx
basic_dunasoft.vct
tickets_nuevo.vcx
tickets_nuevo.vct
screen_nueva.vcx
screen_nueva.vct
greenscreen.scx
greenscreen.sct
new_ticket_tactil.scx
new_ticket_tactil.sct
newescritorio.scx
newescritorio.sct
newscreen.scx
newscreen.sct
_1l808lugz_2.txt
bmp10\
fondo_form_1000.jpg
logo_add_linea.png
logo_remove_linea.png
logo_desplegar_gris.png
logo_plegar_gris.png
logo_refrescar_gris.png
boton_nuevo_32x32_on.png
boton_nuevo_32x32_off.png
boton_eliminar_32x32_on.png
boton_eliminar_32x32_off.png
boton_guardar_32x32_on.png
boton_guardar_32x32_off.png
boton_deshacer_32x32_on.png
boton_deshacer_32x32_off.png
boton_impresora_32x32_on.png
boton_impresora_32x32_off.png
boton_salir_32x32_on.png
boton_salir_32x32_off.png
logo_anterior_32x32_on.png
logo_anterior_32x32_off.png
logo_siguiente_32x32_on.png
logo_siguiente_32x32_off.png
logo_ultimo_32x32_on.png
logo_ultimo_32x32_off.png
logo_aceptar_blanco.png
logo_aceptar_gris.png
logo_cancelar_blanco.png
logo_cancelar_gris.png
logo_reloj.png
logo_lupa_gris.png
logo_filtro_gris.png
boton_duplicar_32x32_on.png
boton_duplicar_32x32_off.png
logo_bonos_blanco.png
logo_bonos_gris.png
logo_descuento_blanco.png
logo_descuento_gris.png
fondobotonsel.jpg
logo_email_blanco.png
logo_email_gris.png
logo_candado_abierto_blanco.png
logo_candado_cerrado_blanco.png
logo_preview_blanco.png
logo_preview_gris.png
10_img_mover.jpg
logo_mantenimientos_min_16x16.png
logo_cruz_cerrar_form_16x16.png
logo_ayuda_form_16x16.png
logo_min_minimizar_form_16x16.png
logo_generico_32x32_on.png
logo_generico_32x32_off.png
boton_escritorio_nuevo_on.jpg
boton_escritorio_nuevo_off.jpg
boton_escritorio_buscar_on.jpg
boton_escritorio_buscar_off.jpg
boton_escritorio_abono_on.jpg
boton_escritorio_abono_off.jpg
boton_escritorio_bonos_on.jpg
boton_escritorio_bonos_off.jpg
boton_escritorio_deudas_on.jpg
boton_escritorio_deudas_off.jpg
boton_escritorio_planemp_on.jpg
boton_escritorio_planemp_off.jpg
boton_escritorio_planrec_on.jpg
boton_escritorio_planrec_off.jpg
boton_escritorio_entsal_on.jpg
boton_escritorio_entsal_off.jpg
boton_escritorio_consumo_on.jpg
boton_escritorio_consumo_off.jpg
boton_escritorio_abrircaja_on.jpg
boton_escritorio_abrircaja_off.jpg
boton_escritorio_cierre_on.jpg
boton_escritorio_cierre_off.jpg
boton_escritorio_salir_on.jpg
boton_escritorio_salir_off.jpg
fondo_escritorio.jpg
fondo_barra_sup_escritorio.jpg
logo_dunasoft_negro_40x40.png
logo_lista_down.png
logo_lista_up.png
boton_menu_anterior_off.png
boton_menu_siguiente_off.png
boton_menu_anterior_on.png
boton_menu_siguiente_on.png
logo_lupa_tickets.png
logo_sin_rostro.jpg
logo_sin_rostro_[].jpg
boton_ticket_anterior_on.png
boton_ticket_siguiente_on.png
logo_flecha_izq_gris.png
logo_flecha_down_gris.png
logo_flecha_dcha_gris.png
logo_flecha_up_gris.png
boton_ventas_on_screen.png
boton_ventas_off_screen.png
boton_compras_on_screen.png
boton_compras_off_screen.png
boton_estadisticas_on_screen.png
boton_estadisticas_off_screen.png
boton_seguridad_on_screen.png
boton_seguridad_off_screen.png
boton_utilidades_on_screen.png
boton_utilidades_off_screen.png
boton_conta_on_screen.png
boton_conta_off_screen.png
boton_info_on_screen.png
boton_info_off_screen.png
boton_salir_on_screen.png
boton_salir_off_screen.png
boton_opciones_on_screen.png
boton_opciones_off_screen.png
boton_mantenimientos_on_screen.png
boton_mantenimientos_off_screen.png
fondocentro_opciones_screen.png
logo_mantenimientos_min.png
empleados.jpg
dunasoft_logotipo.png
logo_menu_ventas.png
logo_menu_compras.png
logo_menu_estadisticas.png
logo_menu_ayuda.png
logo_menu_contabilidad.png
logo_menu_seguridad.png
logo_menu_utilidades.png
fondo_screen.jpg
fondo_barra_sup_screen.png
pantalla_775x600.bmp
_1l808lugz_1.txt
logo_menu_ventas_min_16x16.png
logo_menu_ayuda_min_16x16.png
logo_menu_compras_min_16x16.png
logo_menu_contabilidad_min_16x16.png
logo_menu_estadisticas_min_16x16.png
logo_menu_seguridad_min_16x16.png
logo_menu_utilidades_min_16x16.png
logo_menu_mantenimientos_min_16x16.png
_1l808lugz_3.txt
logo_excel_blanco.png
logo_excel_gris.png
logo_acces_blanco.png
logo_acces_gris.png
logo_diseñar_gris.png
logo_facturar_blanco.png
logo_facturar_gris.png
logo_sms_blanco.png
logo_sms_gris.png
logo_grafico_blanco.png
logo_grafico_gris.png
pantalla_500x600_ph2.bmp
logo_foto_blanco.png
logo_foto_gris.png
logo_albaranar_blanco.png
logo_albaranar_gris.png
logo_refrescar_blanco.png
logo_reloj_blanco.png
logo_reloj_gris.png
logo_cobrarticket_blanco.png
logo_cobrarticket_gris.png
logo_empleado_blanco.png
logo_empleado_gris.png
logo_candado_abierto_gris.png
logo_diseñar_blanco.png
logo_dunasoft_screen.png
logo_dunasoft_screen_min.png
logo_carpeta_gris_16x16.jpg
logo_carpeta_cerrada_gris_16x16.png
logo_carpeta_cerrada_gris_16x16.jpg
borde_sup_izq.png
borde_sup_drcho.png
logo_cortar_gris.png
logo_copiar_gris.png
logo_pegar_gris.png
fondo_tumarca_min.jpg
fondo_tumarca_texto.png
logo_starbene.png
logo_ainhoa.png
facturas.scx
facturas.sct
pedpulsos.scx
pedpulsos.sct
logo_kincosmetics.jpg
estclifacemp.scx
estclifacemp.sct
estclihabemp.scx
estclihabemp.sct
impplaninc.scx
impplaninc.sct
actpuntos.scx
actpuntos.sct
logo_tpv_dunasoft_screen.png
logo_tpv_dunasoft_screen_min.png
logo_bar_dunasoft_screen_min.png
logo_bar_dunasoft_screen.png
fondo_tpv_screen.jpg
tpv_boton_escritorio_nuevo_on.jpg
tpv_boton_escritorio_buscar_on.jpg
tpv_boton_escritorio_abono_on.jpg
tpv_boton_escritorio_bonos_on.jpg
tpv_boton_escritorio_deudas_on.jpg
tpv_boton_escritorio_planemp_on.jpg
tpv_boton_escritorio_entsal_on.jpg
tpv_boton_escritorio_consumo_on.jpg
tpv_boton_escritorio_abrircaja_on.jpg
tpv_boton_escritorio_cierre_on.jpg
tpv_boton_escritorio_salir_on.jpg
bar_boton_escritorio_nuevo_on.jpg
bar_boton_escritorio_buscar_on.jpg
bar_boton_escritorio_abono_on.jpg
bar_boton_escritorio_bonos_on.jpg
bar_boton_escritorio_deudas_on.jpg
bar_boton_escritorio_planemp_on.jpg
bar_boton_escritorio_entsal_on.jpg
bar_boton_escritorio_consumo_on.jpg
bar_boton_escritorio_abrircaja_on.jpg
bar_boton_escritorio_cierre_on.jpg
bar_boton_escritorio_salir_on.jpg
tpv_boton_mantenimientos_on_screen.png
tpv_boton_ventas_on_screen.png
tpv_boton_compras_on_screen.png
tpv_boton_estadisticas_on_screen.png
tpv_boton_seguridad_on_screen.png
tpv_boton_utilidades_on_screen.png
tpv_boton_conta_on_screen.png
tpv_boton_info_on_screen.png
tpv_boton_salir_on_screen.png
bar_boton_mantenimientos_on_screen.png
bar_boton_ventas_on_screen.png
bar_boton_compras_on_screen.png
bar_boton_estadisticas_on_screen.png
bar_boton_seguridad_on_screen.png
bar_boton_utilidades_on_screen.png
bar_boton_conta_on_screen.png
bar_boton_info_on_screen.png
bar_boton_salir_on_screen.png
avisoaniversario.scx
avisoaniversario.sct
_frxcursor.h
_reports.h
foxpro_reporting.h
foxypreviewer.h
frxpreview.h
gdiplus.h
gdiplus_locs.h
hpdf_consts.h
reportlisteners.h
reportlisteners_locs.h
wincrypt.h
foxypreviewer.fxp
_frxcursor.vcx
_frxcursor.vct
pr_rtflistener.vcx
pr_rtflistener.vct
pr_pdfx.vcx
pr_pdfx.vct
pr_excellistener.vcx
pr_excellistener.vct
_reportlistener.vcx
_reportlistener.vct
_gdiplus.vcx
_gdiplus.vct
foxypreviewer_locs.dbf
pr_top.bmp
pr_previous.bmp
pr_next.bmp
pr_bottom.bmp
pr_gotopage.bmp
pr_close.bmp
pr_print.bmp
pr_save.bmp
pr_img.bmp
pr_pdf.bmp
pr_html.bmp
pr_word.bmp
pr_excel.bmp
pr_locate.bmp
pr_1page.bmp
pr_1page_32.bmp
pr_1page_.bmp
pr_2page.bmp
pr_2page_32.bmp
pr_2page_.bmp
pr_4page.bmp
pr_4page_32.bmp
pr_4page_.bmp
pr_bottom_32.bmp
pr_close2.bmp
pr_close2_32.bmp
pr_close_32.bmp
pr_gotopage_32.bmp
pr_gotopage_.bmp
pr_locate_32.bmp
pr_mail.bmp
pr_mail_32.bmp
pr_next_32.bmp
pr_previous_32.bmp
pr_print_32.bmp
pr_print_32__.bmp
pr_printpref.bmp
pr_printpref_32.bmp
pr_printpref_32__.bmp
pr_save_32.bmp
pr_top_32.bmp
impemail.scx
impemail.sct
impresdia2.scx
impresdia2.sct
mostrariniciacion.scx
mostrariniciacion.sct
plato2.png
box_grey.png
fondo_bar_screen.jpg
box_red.png
box_green.png
frmselart.scx
frmselart.sct
logo_style_franquicias.png
fondo_screen_franquicias.jpg
impclicav.scx
impclicav.sct
impclificcon.scx
impclificcon.sct
logo_puntoglamour.png
salerm_logo_inf_derecho.jpg
salerm_logo_sup_izquierdo.jpg
logo_starbenebenedepil.jpg
logo_starbene_izq.jpg
logo_starbene_centro.jpg
logo_starbene_derecho.jpg
bmp10\bmp_franquicias\
logo_starbene_centro.png
logo_starbene_fondo.jpg
frmpedirimpresionticket.scx
frmpedirimpresionticket.sct
saft-pt.scx
saft-pt.sct
logo_latelier.png
logo_sevenbyseven600.png
logo_tumomento.png
impplannota.scx
impplannota.sct
mostrarmensajecliente.scx
mostrarmensajecliente.sct
impmovart.scx
impmovart.sct
menufavoritos.mpx
favorites.png
envio1sms.scx
envio1sms.sct
impetiarttyc.scx
impetiarttyc.sct
smsauto.scx
smsauto.sct
logo_bourjois_fondo2.jpg
logo_bourjois_imagen_l.jpg
logo_bourjois_imagen_r.jpg
logo_bourjois_texto.jpg
logo_prodipel_depidel.jpg
logo_bajocero.jpg
new_presupuesto_tactil.scx
new_presupuesto_tactil.sct
imppre.scx
imppre.sct
pagos_tactil.scx
pagos_tactil.sct
impxpre.scx
impxpre.sct
new_albaran_tactil.scx
new_albaran_tactil.sct
impxalb.scx
impxalb.sct
impalb.scx
impalb.sct
facmas.scx
facmas.sct
boton_escritorio_presupuesto_on.jpg
boton_escritorio_presupuesto_off.jpg
boton_escritorio_albaran_on.jpg
boton_escritorio_albaran_off.jpg
boton_escritorio_factura_on.jpg
boton_escritorio_factura_off.jpg
impciedet.scx
impciedet.sct
logo_depilaservice .png
logo_mariapadilla_fondo.jpg
logo_mariapadilla.png
logo_tecnicaybelleza_fondo.jpg
logo_tecnicaybelleza.png
consentimientos.scx
consentimientos.sct
firmas.scx
firmas.sct
firma_generica.bmp
clicon.scx
clicon.sct
consennew.scx
consennew.sct
consensel.scx
consensel.sct
consenver.scx
consenver.sct
foxdraw.h
foxdraw.vcx
foxdraw.vct
impclicon.scx
impclicon.sct
impconsen.scx
impconsen.sct
impventipart2.scx
impventipart2.sct
log_beautyfarma.png
pedirnumser.scx
pedirnumser.sct
estvendia.scx
estvendia.sct
numser_tactil.scx
numser_tactil.sct
impnumser.scx
impnumser.sct
estnumser.scx
estnumser.sct
bmp10\bmp_one\
logo_gymesthetic.png
logo_punto_sonrisa_spain.png
logo_point_sourire_francia.png
logo_pulsazione_brasil.jpg
pedirnumsermulti.scx
pedirnumsermulti.sct
logo_pulsazione_brasil.png
impvenproce.scx
impvenproce.sct
logo_eurolook.png
logo_templodelmasaje.png
logo_stetikxpress.png
logo_celebrity.png
logo_ainhoa_white.png
pr_htmledit.vcx
pr_htmledit.vct
logo_email_gris.jpg
logo_sms_gris.jpg
preview.msk
logo_abigail.jpg
pr_align_left.bmp
pr_align_center.bmp
pr_align_right.bmp
pr_textcolor.bmp
pr_fontback.bmp
pr_textmoveright.bmp
pr_textmoveleft.bmp
pr_listdot.bmp
pr_listnumber.bmp
pr_hyperlink.bmp
pr_getimage.bmp
pr_align_justify.bmp
pr_open.bmp
pr_new.bmp
pr_cut.bmp
pr_copy.bmp
pr_paste.bmp
pr_undo.bmp
pr_redo.bmp
pr_clean.bmp
nodisponibleversion.scx
nodisponibleversion.sct
pedproauto.scx
pedproauto.sct
logo_add_multilinea.png
newscreen_stylemex.scx
newscreen_stylemex.sct
newescritorio_stylemex.scx
newescritorio_stylemex.sct
accesodepurador.scx
accesodepurador.sct
altausuario.scx
altausuario.sct
styleformex_logotipo.png
bmp_stylemex\
crear_ticketon.jpg
crear_ticketoff.jpg
buscar_documentoon.jpg
buscar_documentooff.jpg
abonar_ticketon.jpg
abonar_ticketoff.jpg
bonos_clienteon.jpg
bonos_clienteoff.jpg
deudason.jpg
deudasoff.jpg
planningon.jpg
planningoff.jpg
planning_recursoson.jpg
planning_recursosoff.jpg
movimientos_cajaon.jpg
movimientos_cajaoff.jpg
consumo_internoon.jpg
consumo_internooff.jpg
abrir_cajaon.jpg
abrir_cajaoff.jpg
cierreon.jpg
cierreoff.jpg
salirticketson.jpg
salirticketsoff.jpg
crear_presupuestoon.jpg
crear_presupuestooff.jpg
crear_albaranon.jpg
crear_albaranoff.jpg
crear_facturaon.jpg
crear_facturaoff.jpg
barra_botones_tickets.jpg
stylemex_fondomenu.jpg
configuracionon.jpg
configuracionoff.jpg
graficoson.jpg
graficosoff.jpg
ventason.jpg
ventasoff.jpg
comprason.jpg
comprasoff.jpg
estadisticason.jpg
estadisticasoff.jpg
seguridadon.jpg
seguridadoff.jpg
utilidadeson.jpg
utilidadesoff.jpg
contaon.jpg
contaoff.jpg
ayudaon.jpg
ayudaoff.jpg
saliron.jpg
saliroff.jpg
style-mex.png
stylemex_free.png
stylemex_online.png
stylemex_premium.png
stylemex_barramenu.jpg
logo_menu_ventas_dolar.png
stylemex_superior.png
listadoson.jpg
listadosoff.jpg
pantallason.jpg
pantallasoff.jpg
favoritoson.jpg
favoritosoff.jpg
efectivo_mexico.scx
efectivo_mexico.sct
bmp_stylemex\monedas\
b20pesos_min.jpg
b5dolar.jpg
b2dolar.jpg
b1dolar.jpg
m001_dolar.jpg
m005_dolar.jpg
m010_dolar.jpg
m025dolar.png
m050dolar.png
m1dolar.png
b10dolar.jpg
b50dolar.jpg
b20dolar.jpg
b500pesos.jpg
b100dolar.jpg
b200pesos.jpg
b100pesos.png
b50pesos.jpg
b20pesos.jpg
b1000pesos.jpg
image008.gif
image016.gif
image015.jpg
image014.gif
image013.gif
image012.gif
image010.gif
image011.gif
image009.gif
logo_matallin.jpg
efacturas.scx
efacturas.sct
logo_mimas_style.png
descargartarifasone.scx
descargartarifasone.sct
bmp_stylemex\bmp_ones\
logo_tcq.png
logo_lorealmexico.png
pedirusuariodspc.scx
pedirusuariodspc.sct
ofertas.scx
ofertas.sct
ofertaarticuloadd.scx
ofertaarticuloadd.sct
ofertafamiliaadd.scx
ofertafamiliaadd.sct
logo_metropolytan.png
logo_fotodepilbeauty.png
logo_thecolouredclap.png
impturno.scx
impturno.sct
boton_escritorio_turno_on.jpg
boton_escritorio_turno_off.jpg
logo_dermasana.png
logo_natturalabs.png
logo_dermaclinic.png
lista_combobox.scx
lista_combobox.sct
combo_down_gris.png
mostrargraficoimc.scx
mostrargraficoimc.sct
graclipeso.scx
graclipeso.sct
grafica_imc_ok.jpg
logo_cremology.png
logo_mantenimientos_min_20x20.png
impclipel.scx
impclipel.sct
logo_camief_one.png
logo_clinicadimar.png
logo_dunasoft_online_screen_min.png
notastylephone.png
notaaddiweb.png
logo_fitandwell.png
logo_mihabodytec.png
logo_pupihair.png
dashboard.scx
dashboard.sct
logo_si_saludintegral.png
logo_anima_spa.png
impentsal.scx
impentsal.sct
logo_fitandgo.png
cobrarvariostickets.scx
cobrarvariostickets.sct
deudasticket.scx
deudasticket.sct
qdfoxjson.fxp
logo_facebook.png
boton_escritorio_multicobrar_on.jpg
boton_escritorio_multicobrar_off.jpg
logo_cevipe.png
logo_casada.png
estfamart.scx
estfamart.sct
logo_hellobeauty.png
logo_divinity.png
facclionline.scx
facclionline.sct
impivarepdet.scx
impivarepdet.sct
coninv.scx
coninv.sct
eliinv.scx
eliinv.sct
impinvfec.scx
impinvfec.sct
logo_newlook.png
procliemp.scx
procliemp.sct
frmselartplan.scx
frmselartplan.sct
impvprocliemp.scx
impvprocliemp.sct
logo_whenuwant.jpg
blog.scx
blog.sct
impclifamilia.scx
impclifamilia.sct
logo_lametro_2.png
logo_hairdistrict.png
logo_sundara.png
prestashop.scx
prestashop.sct
tiendaonline.vcx
tiendaonline.vct
logo_schwarzkopf.png
logo_esteticpro.png
logo_camulse.png
logo_casanova.png
logo_selvert.png
stoartonline.scx
stoartonline.sct
logo_nuevolook.png
logo_mundodesiree.png
logo_depsystem.png
imptracli.scx
imptracli.sct
logo_tpv_dunasoft_screen_open.png
logo_bar_dunasoft_screen_open.png
logo_dunasoft_screen_open.png
logo_llongueras.png
importarcompra.scx
importarcompra.sct
cashdro_comunicacion.scx
cashdro_comunicacion.sct
catemp.scx
catemp.sct
obsplan.scx
obsplan.sct
impobsplan.scx
impobsplan.sct
gdiplus.fxp
other\
h_point.cur
